<html>
<body>
<pre>
<h1>礦ision Build Log</h1>
<h2>Tool Versions:</h2>
IDE-Version: μVision V5.26.2.0
Copyright (C) 2018 ARM Ltd and ARM Germany GmbH. All rights reserved.
License Information: chen Administrator, chen, LIC=KRMW3-AQNF5-9U64U-SJZ8A-TK5DQ-GTB0Y
 
Tool Versions:
Toolchain:       MDK-ARM Plus  Version: 5.26.2.0
Toolchain Path:  D:\Softwara\keil5\keil5_MDK\ARM\ARMCC\Bin
C Compiler:      Armcc.exe V5.06 update 6 (build 750)
Assembler:       Armasm.exe V5.06 update 6 (build 750)
Linker/Locator:  ArmLink.exe V5.06 update 6 (build 750)
Library Manager: ArmAr.exe V5.06 update 6 (build 750)
Hex Converter:   FromElf.exe V5.06 update 6 (build 750)
CPU DLL:         SARMCM3.DLL V5.26.2.0
Dialog DLL:      DCM.DLL V1.17.2.0
Target DLL:      STLink\ST-LINKIII-KEIL_SWO.dll V3.0.5.0
Dialog DLL:      TCM.DLL V1.36.1.0
 
<h2>Project:</h2>
d:\Project\工程单\防洪预警系统\Project.uvprojx
Project File Date:  08/05/2026

<h2>Output:</h2>
*** Using Compiler 'V5.06 update 6 (build 750)', folder: 'D:\Softwara\keil5\keil5_MDK\ARM\ARMCC\Bin'
Build target 'Target 1'
assembling startup_stm32f10x_md.s...
compiling core_cm3.c...
compiling stm32f10x_crc.c...
compiling stm32f10x_cec.c...
compiling stm32f10x_adc.c...
compiling misc.c...
compiling stm32f10x_dbgmcu.c...
compiling system_stm32f10x.c...
compiling stm32f10x_dac.c...
compiling stm32f10x_bkp.c...
compiling stm32f10x_dma.c...
compiling stm32f10x_can.c...
compiling stm32f10x_exti.c...
compiling stm32f10x_gpio.c...
compiling stm32f10x_iwdg.c...
compiling stm32f10x_fsmc.c...
compiling stm32f10x_flash.c...
compiling stm32f10x_i2c.c...
compiling stm32f10x_spi.c...
compiling stm32f10x_pwr.c...
compiling stm32f10x_sdio.c...
compiling stm32f10x_rtc.c...
compiling stm32f10x_rcc.c...
compiling stm32f10x_tim.c...
compiling Delay.c...
compiling stm32f10x_wwdg.c...
compiling stm32f10x_usart.c...
compiling sys.c...
compiling i2c.c...
compiling LED.c...
compiling IIC.c...
HARDWARE\IIC.h(27): warning:  #1-D: last line of file ends without a newline
  #endif
HARDWARE\IIC.c: 1 warning, 0 errors
compiling usart.c...
compiling oled.c...
compiling dht11.c...
compiling TIM.c...
compiling AD.c...
compiling stm32f10x_it.c...
compiling main.c...
.\HARDWARE\IIC.h(27): warning:  #1-D: last line of file ends without a newline
  #endif
User\main.c(69): warning:  #167-D: argument of type "u16 *" is incompatible with parameter of type "u8 *"
  		DHT11_Read_Data2(&temp,&humi);
User\main.c(69): warning:  #167-D: argument of type "u16 *" is incompatible with parameter of type "u8 *"
  		DHT11_Read_Data2(&temp,&humi);
User\main.c: 3 warnings, 0 errors
linking...
Program Size: Code=5512 RO-data=1788 RW-data=64 ZI-data=1888  
".\Objects\Project.axf" - 0 Error(s), 4 Warning(s).

<h2>Software Packages used:</h2>

Package Vendor: Keil
                https://www.keil.com/pack/Keil.STM32F1xx_DFP.2.4.1.pack
                Keil.STM32F1xx_DFP.2.4.1
                STMicroelectronics STM32F1 Series Device Support, Drivers and Examples

<h2>Collection of Component include folders:</h2>
  .\RTE\_Target_1
  D:\Softwara\keil5\keil5_MDK\Keil\STM32F1xx_DFP\2.4.1\Device\Include

<h2>Collection of Component Files used:</h2>
Build Time Elapsed:  00:00:02
</pre>
</body>
</html>
