*** Using Compiler 'V5.06 update 6 (build 750)', folder: 'D:\Softwara\keil5\keil5_MDK\ARM\ARMCC\Bin'
Build target 'Target 1'
assembling startup_stm32f10x_md.s...
compiling core_cm3.c...
compiling stm32f10x_crc.c...
compiling stm32f10x_cec.c...
compiling stm32f10x_adc.c...
compiling misc.c...
compiling stm32f10x_dbgmcu.c...
compiling system_stm32f10x.c...
compiling stm32f10x_dac.c...
compiling stm32f10x_bkp.c...
compiling stm32f10x_dma.c...
compiling stm32f10x_can.c...
compiling stm32f10x_exti.c...
compiling stm32f10x_gpio.c...
compiling stm32f10x_iwdg.c...
compiling stm32f10x_fsmc.c...
compiling stm32f10x_flash.c...
compiling stm32f10x_i2c.c...
compiling stm32f10x_spi.c...
compiling stm32f10x_pwr.c...
compiling stm32f10x_sdio.c...
compiling stm32f10x_rtc.c...
compiling stm32f10x_rcc.c...
compiling stm32f10x_tim.c...
compiling Delay.c...
compiling stm32f10x_wwdg.c...
compiling stm32f10x_usart.c...
compiling sys.c...
compiling i2c.c...
compiling LED.c...
compiling IIC.c...
HARDWARE\IIC.h(27): warning:  #1-D: last line of file ends without a newline
  #endif
HARDWARE\IIC.c: 1 warning, 0 errors
compiling usart.c...
compiling oled.c...
compiling dht11.c...
compiling TIM.c...
compiling AD.c...
compiling stm32f10x_it.c...
compiling main.c...
.\HARDWARE\IIC.h(27): warning:  #1-D: last line of file ends without a newline
  #endif
User\main.c(69): warning:  #167-D: argument of type "u16 *" is incompatible with parameter of type "u8 *"
  		DHT11_Read_Data2(&temp,&humi);
User\main.c(69): warning:  #167-D: argument of type "u16 *" is incompatible with parameter of type "u8 *"
  		DHT11_Read_Data2(&temp,&humi);
User\main.c: 3 warnings, 0 errors
linking...
Program Size: Code=5512 RO-data=1788 RW-data=64 ZI-data=1888  
".\Objects\Project.axf" - 0 Error(s), 4 Warning(s).
Build Time Elapsed:  00:00:02
